
[1m[30m[46m RUN [49m[39m[22m [36mv4.1.5 [39m[90mC:/Users/chris/Desktop/mysql-mcp[39m

 [31mΓ¥»[39m src/adapters/mysql/tools/__tests__/roles.test.ts [2m([22m[2m29 tests[22m[2m | [22m[31m3 failed[39m[2m)[22m[32m 210[2mms[22m[39m
     [32mΓ£ô[39m should return 8 role tools[32m 18[2mms[22m[39m
     [32mΓ£ô[39m should have roles group for all tools[32m 2[2mms[22m[39m
     [32mΓ£ô[39m should have handler functions for all tools[32m 2[2mms[22m[39m
     [32mΓ£ô[39m should have inputSchema for all tools[32m 2[2mms[22m[39m
       [32mΓ£ô[39m should list roles[32m 6[2mms[22m[39m
       [32mΓ£ô[39m should list roles with pattern[32m 2[2mms[22m[39m
[31m       [31m├ù[31m should create a role with IF NOT EXISTS default[39m[32m 14[2mms[22m[39m
       [32mΓ£ô[39m should create a role without IF NOT EXISTS[32m 3[2mms[22m[39m
       [32mΓ£ô[39m should return structured error for invalid role names[32m 3[2mms[22m[39m
       [32mΓ£ô[39m should return skipped when ifNotExists and role already exists[32m 2[2mms[22m[39m
       [32mΓ£ô[39m should grant privileges to role[32m 6[2mms[22m[39m
       [32mΓ£ô[39m should handle schema-qualified table name[32m 2[2mms[22m[39m
       [32mΓ£ô[39m should return structured error for invalid role names[32m 2[2mms[22m[39m
       [32mΓ£ô[39m should revoke role from user[32m 3[2mms[22m[39m
       [32mΓ£ô[39m should return graceful error when role is not assigned[32m 2[2mms[22m[39m
[31m       [31m├ù[31m should drop a role with IF EXISTS default[39m[32m 3[2mms[22m[39m
       [32mΓ£ô[39m should drop a role without IF EXISTS[32m 2[2mms[22m[39m
       [32mΓ£ô[39m should return structured error for invalid role names[32m 5[2mms[22m[39m
       [32mΓ£ô[39m should return skipped when ifExists and role does not exist[32m 7[2mms[22m[39m
       [32mΓ£ô[39m should assign role to user[32m 4[2mms[22m[39m
       [32mΓ£ô[39m should assign role with admin option[32m 4[2mms[22m[39m
       [32mΓ£ô[39m should list grants for a role[32m 8[2mms[22m[39m
       [32mΓ£ô[39m should list roles assigned to user[32m 3[2mms[22m[39m
[31m       [31m├ù[31m should return exists: false for nonexistent user[39m[32m 62[2mms[22m[39m
       [32mΓ£ô[39m should return graceful error for duplicate role[32m 16[2mms[22m[39m
       [32mΓ£ô[39m should return graceful error for nonexistent role[32m 4[2mms[22m[39m
       [32mΓ£ô[39m should return graceful error for nonexistent user[32m 4[2mms[22m[39m
       [32mΓ£ô[39m should return graceful error for nonexistent user[32m 3[2mms[22m[39m
       [32mΓ£ô[39m should return graceful error for nonexistent table[32m 8[2mms[22m[39m

[2m Test Files [22m [1m[31m1 failed[39m[22m[90m (1)[39m
[2m      Tests [22m [1m[31m3 failed[39m[22m[2m | [22m[1m[32m26 passed[39m[22m[90m (29)[39m
[2m   Start at [22m 12:09:51
[2m   Duration [22m 2.00s[2m (transform 321ms, setup 0ms, import 952ms, tests 210ms, environment 0ms)[22m

JSON report written to C:/Users/chris/Desktop/mysql-mcp/test-results.json
